// Jest Snapshot v1, https://goo.gl/fbAQLP

exports[`QuoterV2 quotes #quoteExactInputSingle gas [ @skip-on-coverage ] 0 -> 2 1`] = `155840`;

exports[`QuoterV2 quotes #quoteExactInputSingle gas [ @skip-on-coverage ] 2 -> 0 1`] = `155782`;

exports[`QuoterV2 quotes #quoteExactOutput gas [ @skip-on-coverage ] 0 -> 2 -> 1 1`] = `246730`;

exports[`QuoterV2 quotes #quoteExactOutput gas [ @skip-on-coverage ] 0 -> 2 cross 0 tick starting tick initialized 1`] = `105482`;

exports[`QuoterV2 quotes #quoteExactOutput gas [ @skip-on-coverage ] 0 -> 2 cross 0 tick starting tick not initialized 1`] = `90214`;

exports[`QuoterV2 quotes #quoteExactOutput gas [ @skip-on-coverage ] 0 -> 2 cross 1 tick 1`] = `125578`;

exports[`QuoterV2 quotes #quoteExactOutput gas [ @skip-on-coverage ] 0 -> 2 cross 2 tick 1`] = `155747`;

exports[`QuoterV2 quotes #quoteExactOutput gas [ @skip-on-coverage ] 0 -> 2 cross 2 where tick after is initialized 1`] = `125587`;

exports[`QuoterV2 quotes #quoteExactOutput gas [ @skip-on-coverage ] 2 -> 0 cross 1 tick 1`] = `125915`;

exports[`QuoterV2 quotes #quoteExactOutput gas [ @skip-on-coverage ] 2 -> 0 cross 2 ticks 1`] = `156358`;

exports[`QuoterV2 quotes #quoteExactOutput gas [ @skip-on-coverage ] 2 -> 0 cross 2 where tick after is initialized 1`] = `156362`;

exports[`QuoterV2 quotes #quoteExactOutput gas [ @skip-on-coverage ] 2 -> 1 1`] = `91002`;

exports[`QuoterV2 quotes #quoteExactOutputSingle gas [ @skip-on-coverage ] 0 -> 1 1`] = `91201`;

exports[`QuoterV2 quotes #quoteExactOutputSingle gas [ @skip-on-coverage ] 1 -> 0 1`] = `91218`;
